DEBUG: Inserted param node :id with handle
DEBUG: Inserted param node :id with handle
DEBUG: Inserted param node :id with handle
2026/01/25 16:03:53 Server starting on :8080
⚡ KVolt is running on http://localhost:8080
Press Ctrl+C to stop
2026/01/25 16:04:08 [GET] /users took 48.37µs
2026/01/25 16:04:12 [GET] /users took 29.099µs
2026/01/25 16:04:12 [POST] /users took 39.3µs
DEBUG: Param node handle found
2026/01/25 16:04:12 [GET] /users/1 took 12.15µs
DEBUG: Param node handle found
2026/01/25 16:04:12 [PUT] /users/1 took 29.47µs
2026/01/25 16:04:12 [POST] /posts took 39.23µs
2026/01/25 16:04:12 [GET] /posts took 30.94µs
DEBUG: Param node handle found
2026/01/25 16:04:12 http: superfluous response.WriteHeader call from github.com/go-kvolt/kvolt/context.(*Context).String (context.go:80)
2026/01/25 16:04:12 [DELETE] /users/1 took 68.87µs
2026/01/25 16:07:25 [GET] /users took 12.61µs
2026/01/25 16:07:25 [GET] /users took 10.359µs
2026/01/25 16:07:26 [GET] /users took 11.48µs
2026/01/25 16:07:26 [GET] /users took 11.78µs
2026/01/25 16:07:26 [GET] /users took 26.57µs
2026/01/25 16:07:26 [GET] /users took 9.019µs
2026/01/25 16:07:26 [GET] /users took 12.05µs
2026/01/25 16:07:27 [GET] /users took 14.82µs
2026/01/25 16:07:27 [GET] /users took 9.22µs
2026/01/25 16:07:27 [GET] /users took 10.82µs
2026/01/25 16:07:27 [GET] /users took 10.25µs
2026/01/25 16:07:27 [GET] /users took 14.9µs
2026/01/25 16:07:28 [GET] /users took 10.48µs
2026/01/25 16:07:28 [GET] /users took 9.58µs
2026/01/25 16:07:28 [GET] /users took 10.08µs
2026/01/25 16:07:28 [GET] /users took 11.47µs
2026/01/25 16:07:28 [GET] /users took 9.8µs
